[debug] [2026-05-16T09:26:12.698Z] ----------------------------------------------------------------------
[debug] [2026-05-16T09:26:12.700Z] Command:       /usr/local/bin/node /Users/samran/.npm-global/bin/firebase login --reauth --no-localhost
[debug] [2026-05-16T09:26:12.700Z] CLI Version:   15.18.0
[debug] [2026-05-16T09:26:12.700Z] Platform:      darwin
[debug] [2026-05-16T09:26:12.700Z] Node Version:  v24.14.0
[debug] [2026-05-16T09:26:12.700Z] Time:          Sat May 16 2026 19:26:12 GMT+1000 (Australian Eastern Standard Time)
[debug] [2026-05-16T09:26:12.701Z] ----------------------------------------------------------------------
[debug] 
[debug] [2026-05-16T09:26:12.806Z] >>> [apiv2][query] POST https://auth.firebase.tools/attest [none]
[debug] [2026-05-16T09:26:12.806Z] >>> [apiv2][body] POST https://auth.firebase.tools/attest {"session_id":"3ca583cd-5e27-46c0-b193-867052feb181"}
[debug] [2026-05-16T09:26:14.038Z] <<< [apiv2][status] POST https://auth.firebase.tools/attest 200
[debug] [2026-05-16T09:26:14.038Z] <<< [apiv2][body] POST https://auth.firebase.tools/attest {"token":"Z2epLPlTGnhMUpGzYaCmeRlS8HL_tJ9jLB6Z6CDvVJ8"}
[info] 
[info] To sign in to the Firebase CLI:
[info] 
[info] 1. Take note of your session ID:
[info] 
[info]    3CA58
[info] 
[info] 2. Visit the URL below on any device and follow the instructions to get your code:
[info] 
[info]    https://auth.firebase.tools/login?code_challenge=p4aCOWla_pOi4eLdAan7b3I1GsEKY19PLwmoJVVE5Io&session=3ca583cd-5e27-46c0-b193-867052feb181&attest=Z2epLPlTGnhMUpGzYaCmeRlS8HL_tJ9jLB6Z6CDvVJ8
[info] 
[info] 3. Paste or enter the authorization code below once you have it:
[info] 
[debug] [2026-05-16T09:28:05.469Z] ExitPromptError: User force closed the prompt with SIGINT
    at Interface.sigint (/Users/samran/.npm-global/lib/node_modules/firebase-tools/node_modules/@inquirer/core/dist/commonjs/lib/create-prompt.js:101:37)
    at Interface.emit (node:events:508:28)
    at Interface._ttyWriteDumb (node:readline:477:14)
    at ReadStream.onkeypress (node:internal/readline/interface:284:20)
    at ReadStream.emit (node:events:520:35)
    at emitKeys (node:internal/readline/utils:371:14)
    at emitKeys.next (<anonymous>)
    at ReadStream.onData (node:internal/readline/emitKeypressEvents:64:36)
    at ReadStream.emit (node:events:508:28)
    at addChunk (node:internal/streams/readable:563:12)
[error] 
[error] Error: An unexpected error has occurred.
